is there a child room
No, there is not a child room.

is there a bed room
No, there is not a bed room.

are all lights on the first floor on
Sorry, I cannot understand what you said.

are all lights on in the kitchen
Sorry, I cannot understand what you said.

is there any light on the first floor
Yes, there are 5 of them.

is there any first floor light
No, there is no first floor light.

is there a light in the garage
Sorry, I don't know what you mean by garage.

is there a garage light
Yes, there is a garage light.

turn off all heaters
OK.

turn on the heater in the bathroom
OK.

are any heaters on
Yes, the bathroom bath heating is on.

is there a corridor on the ground floor and the first floor
No, there is not a corridor on the ground floor and the first floor.

is there a bedroom on the ground floor or the first floor
Yes, there is a bedroom on a bedroom.

is there any light in the living room
Yes, there is a living table light.

is there any light in the kitchen
Yes, there are both of them.

is the kitchen window open
No, the kitchen window is not open.

is the kitchen window closed
No, the kitchen window is not closed.

is the office window open
But I don't know about any such window.

is the garage door open
But I don't know about any such door.

is the bedroom light on or off
Yes, the bedroom light is on or off.

is the kitchen ceiling light or the kitchen table light on

are any lights on in the kitchen and the bedroom
Sorry, I cannot understand what you said.

