is there a child room
No, there is not a child room.

is there a bed room
Sorry, I cannot understand what you said.

is there any light on the first floor
Yes, there are five of them.

is there any first floor light
No, there is no first floor light.

is there a light in the garage
Sorry, I don't know about any 'garage'.

is there a garage light
Yes, there is a garage light.

turn off all heaters
OK.

turn on the heater in the bathroom
OK.

are any heaters on
Yes, the bathroom heating is on.

is there a corridor on the ground floor or the first floor
Sorry, I cannot understand what you said.

is there a bedroom on the ground floor or the first floor
Sorry, I cannot understand what you said.

is the kitchen window open
No, it is not open.

is the kitchen window closed
No, it is not closed.

is the office window open
But I don't know about any such window.

is the garage door open
But I don't know about any such door.

is the bedroom light on or off
Yes, it is on or off.

is the kitchen ceiling light or the kitchen table light on
No, neither the kitchen ceiling light nor the kitchen table light is on.

how many lights are not on
No lights are on.

which lights are not on
No lights are on.

is any pink light on
No, no pink light is on.

which pink lights are on
No pink lights are on.

how many lights are there
There are sixteen of them.

how many lights are there on the first floor
There are five of them.

