are all lights on the first floor on
Sorry, I cannot understand what you said.

is there any light on the first floor
Yes, there are 5 of them.

is there any first floor light
No, there is no first floor light.

is there a light in the garage
Sorry, I don't know what you mean by garage.

is there a garage light
Yes, there is a garage light.

